Archive member included to satisfy reference by file (symbol)

c:/gcc-arm-none-eabi-10-2020-q4-major/bin/../lib/gcc/arm-none-eabi/10.2.1/thumb/v7e-m/nofp\libgcc.a(_aeabi_uldivmod.o)
                              CMakeFiles/source.elf.dir/Drivers/STM32F4xx_HAL_Driver/Src/stm32f4xx_hal_rcc.c.obj (__aeabi_uldivmod)
c:/gcc-arm-none-eabi-10-2020-q4-major/bin/../lib/gcc/arm-none-eabi/10.2.1/thumb/v7e-m/nofp\libgcc.a(_udivmoddi4.o)
                              c:/gcc-arm-none-eabi-10-2020-q4-major/bin/../lib/gcc/arm-none-eabi/10.2.1/thumb/v7e-m/nofp\libgcc.a(_aeabi_uldivmod.o) (__udivmoddi4)
c:/gcc-arm-none-eabi-10-2020-q4-major/bin/../lib/gcc/arm-none-eabi/10.2.1/thumb/v7e-m/nofp\libgcc.a(_dvmd_tls.o)
                              c:/gcc-arm-none-eabi-10-2020-q4-major/bin/../lib/gcc/arm-none-eabi/10.2.1/thumb/v7e-m/nofp\libgcc.a(_aeabi_uldivmod.o) (__aeabi_ldiv0)
c:/gcc-arm-none-eabi-10-2020-q4-major/bin/../lib/gcc/arm-none-eabi/10.2.1/../../../../arm-none-eabi/lib/thumb/v7e-m/nofp\libg.a(lib_a-exit.o)
                              c:/gcc-arm-none-eabi-10-2020-q4-major/bin/../lib/gcc/arm-none-eabi/10.2.1/../../../../arm-none-eabi/lib/thumb/v7e-m/nofp/crt0.o (exit)
c:/gcc-arm-none-eabi-10-2020-q4-major/bin/../lib/gcc/arm-none-eabi/10.2.1/../../../../arm-none-eabi/lib/thumb/v7e-m/nofp\libg.a(lib_a-impure.o)
                              c:/gcc-arm-none-eabi-10-2020-q4-major/bin/../lib/gcc/arm-none-eabi/10.2.1/../../../../arm-none-eabi/lib/thumb/v7e-m/nofp\libg.a(lib_a-exit.o) (_global_impure_ptr)
c:/gcc-arm-none-eabi-10-2020-q4-major/bin/../lib/gcc/arm-none-eabi/10.2.1/../../../../arm-none-eabi/lib/thumb/v7e-m/nofp\libg.a(lib_a-init.o)
                              c:/gcc-arm-none-eabi-10-2020-q4-major/bin/../lib/gcc/arm-none-eabi/10.2.1/../../../../arm-none-eabi/lib/thumb/v7e-m/nofp/crt0.o (__libc_init_array)
c:/gcc-arm-none-eabi-10-2020-q4-major/bin/../lib/gcc/arm-none-eabi/10.2.1/../../../../arm-none-eabi/lib/thumb/v7e-m/nofp\libg.a(lib_a-memset.o)
                              c:/gcc-arm-none-eabi-10-2020-q4-major/bin/../lib/gcc/arm-none-eabi/10.2.1/../../../../arm-none-eabi/lib/thumb/v7e-m/nofp/crt0.o (memset)
c:/gcc-arm-none-eabi-10-2020-q4-major/bin/../lib/gcc/arm-none-eabi/10.2.1/../../../../arm-none-eabi/lib/thumb/v7e-m/nofp\libg.a(lib_a-__call_atexit.o)
                              c:/gcc-arm-none-eabi-10-2020-q4-major/bin/../lib/gcc/arm-none-eabi/10.2.1/../../../../arm-none-eabi/lib/thumb/v7e-m/nofp\libg.a(lib_a-exit.o) (__call_exitprocs)
c:/gcc-arm-none-eabi-10-2020-q4-major/bin/../lib/gcc/arm-none-eabi/10.2.1/../../../../arm-none-eabi/lib/thumb/v7e-m/nofp\libg.a(lib_a-atexit.o)
                              c:/gcc-arm-none-eabi-10-2020-q4-major/bin/../lib/gcc/arm-none-eabi/10.2.1/../../../../arm-none-eabi/lib/thumb/v7e-m/nofp\libg.a(lib_a-__call_atexit.o) (atexit)
c:/gcc-arm-none-eabi-10-2020-q4-major/bin/../lib/gcc/arm-none-eabi/10.2.1/../../../../arm-none-eabi/lib/thumb/v7e-m/nofp\libg.a(lib_a-fini.o)
                              c:/gcc-arm-none-eabi-10-2020-q4-major/bin/../lib/gcc/arm-none-eabi/10.2.1/../../../../arm-none-eabi/lib/thumb/v7e-m/nofp\libg.a(lib_a-__call_atexit.o) (__libc_fini_array)
c:/gcc-arm-none-eabi-10-2020-q4-major/bin/../lib/gcc/arm-none-eabi/10.2.1/../../../../arm-none-eabi/lib/thumb/v7e-m/nofp\libg.a(lib_a-lock.o)
                              c:/gcc-arm-none-eabi-10-2020-q4-major/bin/../lib/gcc/arm-none-eabi/10.2.1/../../../../arm-none-eabi/lib/thumb/v7e-m/nofp\libg.a(lib_a-__call_atexit.o) (__retarget_lock_acquire_recursive)
c:/gcc-arm-none-eabi-10-2020-q4-major/bin/../lib/gcc/arm-none-eabi/10.2.1/../../../../arm-none-eabi/lib/thumb/v7e-m/nofp\libg.a(lib_a-__atexit.o)
                              c:/gcc-arm-none-eabi-10-2020-q4-major/bin/../lib/gcc/arm-none-eabi/10.2.1/../../../../arm-none-eabi/lib/thumb/v7e-m/nofp\libg.a(lib_a-atexit.o) (__register_exitproc)

Discarded input sections

 .text          0x00000000        0x0 c:/gcc-arm-none-eabi-10-2020-q4-major/bin/../lib/gcc/arm-none-eabi/10.2.1/thumb/v7e-m/nofp/crti.o
 .data          0x00000000        0x0 c:/gcc-arm-none-eabi-10-2020-q4-major/bin/../lib/gcc/arm-none-eabi/10.2.1/thumb/v7e-m/nofp/crti.o
 .bss           0x00000000        0x0 c:/gcc-arm-none-eabi-10-2020-q4-major/bin/../lib/gcc/arm-none-eabi/10.2.1/thumb/v7e-m/nofp/crti.o
 .data          0x00000000        0x4 c:/gcc-arm-none-eabi-10-2020-q4-major/bin/../lib/gcc/arm-none-eabi/10.2.1/thumb/v7e-m/nofp/crtbegin.o
 .rodata        0x00000000       0x24 c:/gcc-arm-none-eabi-10-2020-q4-major/bin/../lib/gcc/arm-none-eabi/10.2.1/thumb/v7e-m/nofp/crtbegin.o
 .text          0x00000000       0x7c c:/gcc-arm-none-eabi-10-2020-q4-major/bin/../lib/gcc/arm-none-eabi/10.2.1/../../../../arm-none-eabi/lib/thumb/v7e-m/nofp/crt0.o
 .data          0x00000000        0x0 c:/gcc-arm-none-eabi-10-2020-q4-major/bin/../lib/gcc/arm-none-eabi/10.2.1/../../../../arm-none-eabi/lib/thumb/v7e-m/nofp/crt0.o
[...]
Memory Configuration

Name             Origin             Length             Attributes
RAM              0x20000000         0x00020000         xrw
FLASH            0x08000000         0x00080000         xr
*default*        0x00000000         0xffffffff

Linker script and memory map

LOAD c:/gcc-arm-none-eabi-10-2020-q4-major/bin/../lib/gcc/arm-none-eabi/10.2.1/thumb/v7e-m/nofp/crti.o
LOAD c:/gcc-arm-none-eabi-10-2020-q4-major/bin/../lib/gcc/arm-none-eabi/10.2.1/thumb/v7e-m/nofp/crtbegin.o
LOAD c:/gcc-arm-none-eabi-10-2020-q4-major/bin/../lib/gcc/arm-none-eabi/10.2.1/../../../../arm-none-eabi/lib/thumb/v7e-m/nofp/crt0.o
LOAD CMakeFiles/source.elf.dir/Core/Src/gpio.c.obj
LOAD CMakeFiles/source.elf.dir/Core/Src/main.c.obj
LOAD CMakeFiles/source.elf.dir/Core/Src/stm32f4xx_hal_msp.c.obj
LOAD CMakeFiles/source.elf.dir/Core/Src/stm32f4xx_it.c.obj
LOAD CMakeFiles/source.elf.dir/Core/Src/system_stm32f4xx.c.obj
LOAD CMakeFiles/source.elf.dir/Core/Src/tim.c.obj
LOAD CMakeFiles/source.elf.dir/Core/Startup/startup_stm32f411ceux.s.obj
LOAD CMakeFiles/source.elf.dir/Drivers/STM32F4xx_HAL_Driver/Src/stm32f4xx_hal.c.obj
LOAD CMakeFiles/source.elf.dir/Drivers/STM32F4xx_HAL_Driver/Src/stm32f4xx_hal_cortex.c.obj
LOAD CMakeFiles/source.elf.dir/Drivers/STM32F4xx_HAL_Driver/Src/stm32f4xx_hal_dma.c.obj
LOAD CMakeFiles/source.elf.dir/Drivers/STM32F4xx_HAL_Driver/Src/stm32f4xx_hal_dma_ex.c.obj
LOAD CMakeFiles/source.elf.dir/Drivers/STM32F4xx_HAL_Driver/Src/stm32f4xx_hal_exti.c.obj
LOAD CMakeFiles/source.elf.dir/Drivers/STM32F4xx_HAL_Driver/Src/stm32f4xx_hal_flash.c.obj
LOAD CMakeFiles/source.elf.dir/Drivers/STM32F4xx_HAL_Driver/Src/stm32f4xx_hal_flash_ex.c.obj
LOAD CMakeFiles/source.elf.dir/Drivers/STM32F4xx_HAL_Driver/Src/stm32f4xx_hal_flash_ramfunc.c.obj
LOAD CMakeFiles/source.elf.dir/Drivers/STM32F4xx_HAL_Driver/Src/stm32f4xx_hal_gpio.c.obj
LOAD CMakeFiles/source.elf.dir/Drivers/STM32F4xx_HAL_Driver/Src/stm32f4xx_hal_pwr.c.obj
LOAD CMakeFiles/source.elf.dir/Drivers/STM32F4xx_HAL_Driver/Src/stm32f4xx_hal_pwr_ex.c.obj
LOAD CMakeFiles/source.elf.dir/Drivers/STM32F4xx_HAL_Driver/Src/stm32f4xx_hal_rcc.c.obj
LOAD CMakeFiles/source.elf.dir/Drivers/STM32F4xx_HAL_Driver/Src/stm32f4xx_hal_rcc_ex.c.obj
LOAD CMakeFiles/source.elf.dir/Drivers/STM32F4xx_HAL_Driver/Src/stm32f4xx_hal_tim.c.obj
LOAD CMakeFiles/source.elf.dir/Drivers/STM32F4xx_HAL_Driver/Src/stm32f4xx_hal_tim_ex.c.obj
START GROUP
LOAD c:/gcc-arm-none-eabi-10-2020-q4-major/bin/../lib/gcc/arm-none-eabi/10.2.1/thumb/v7e-m/nofp\libgcc.a
LOAD c:/gcc-arm-none-eabi-10-2020-q4-major/bin/../lib/gcc/arm-none-eabi/10.2.1/../../../../arm-none-eabi/lib/thumb/v7e-m/nofp\libg.a
LOAD c:/gcc-arm-none-eabi-10-2020-q4-major/bin/../lib/gcc/arm-none-eabi/10.2.1/../../../../arm-none-eabi/lib/thumb/v7e-m/nofp\libc.a
END GROUP
LOAD c:/gcc-arm-none-eabi-10-2020-q4-major/bin/../lib/gcc/arm-none-eabi/10.2.1/thumb/v7e-m/nofp/crtend.o
LOAD c:/gcc-arm-none-eabi-10-2020-q4-major/bin/../lib/gcc/arm-none-eabi/10.2.1/thumb/v7e-m/nofp/crtn.o
                0x20020000                _estack = (ORIGIN (RAM) + LENGTH (RAM))
                0x00000200                _Min_Heap_Size = 0x200
                0x00000400                _Min_Stack_Size = 0x400

.isr_vector     0x08000000      0x198
                0x08000000                . = ALIGN (0x4)
 *(.isr_vector)
 .isr_vector    0x08000000      0x198 CMakeFiles/source.elf.dir/Core/Startup/startup_stm32f411ceux.s.obj
                0x08000000                g_pfnVectors
                0x08000198                . = ALIGN (0x4)

.text           0x08000198     0x1674
                0x08000198                . = ALIGN (0x4)
 *(.text)
 .text          0x08000198       0x40 c:/gcc-arm-none-eabi-10-2020-q4-major/bin/../lib/gcc/arm-none-eabi/10.2.1/thumb/v7e-m/nofp/crtbegin.o
 .text          0x080001d8       0x30 c:/gcc-arm-none-eabi-10-2020-q4-major/bin/../lib/gcc/arm-none-eabi/10.2.1/thumb/v7e-m/nofp\libgcc.a(_aeabi_uldivmod.o)
                0x080001d8                __aeabi_uldivmod
 .text          0x08000208      0x2d0 c:/gcc-arm-none-eabi-10-2020-q4-major/bin/../lib/gcc/arm-none-eabi/10.2.1/thumb/v7e-m/nofp\libgcc.a(_udivmoddi4.o)
                0x08000208                __udivmoddi4
 .text          0x080004d8        0x4 c:/gcc-arm-none-eabi-10-2020-q4-major/bin/../lib/gcc/arm-none-eabi/10.2.1/thumb/v7e-m/nofp\libgcc.a(_dvmd_tls.o)
                0x080004d8                __aeabi_idiv0
                0x080004d8                __aeabi_ldiv0
 *(.text*)
 .text.MX_GPIO_Init
                0x080004dc       0x60 CMakeFiles/source.elf.dir/Core/Src/gpio.c.obj
                0x080004dc                MX_GPIO_Init
 .text.Error_Handler
                0x0800053c        0x4 CMakeFiles/source.elf.dir/Core/Src/main.c.obj
                0x0800053c                Error_Handler
 .text.SystemClock_Config
                0x08000540       0xa0 CMakeFiles/source.elf.dir/Core/Src/main.c.obj
                0x08000540                SystemClock_Config
 .text.main     0x080005e0       0x28 CMakeFiles/source.elf.dir/Core/Src/main.c.obj
                0x080005e0                main
 .text.HAL_MspInit
                0x08000608       0x38 CMakeFiles/source.elf.dir/Core/Src/stm32f4xx_hal_msp.c.obj
                0x08000608                HAL_MspInit
 .text.NMI_Handler
                0x08000640        0x2 CMakeFiles/source.elf.dir/Core/Src/stm32f4xx_it.c.obj
                0x08000640                NMI_Handler
 .text.HardFault_Handler
                0x08000642        0x2 CMakeFiles/source.elf.dir/Core/Src/stm32f4xx_it.c.obj
                0x08000642                HardFault_Handler
 .text.MemManage_Handler
                0x08000644        0x2 CMakeFiles/source.elf.dir/Core/Src/stm32f4xx_it.c.obj
                0x08000644                MemManage_Handler
 .text.BusFault_Handler
                0x08000646        0x2 CMakeFiles/source.elf.dir/Core/Src/stm32f4xx_it.c.obj
                0x08000646                BusFault_Handler
 .text.UsageFault_Handler
                0x08000648        0x2 CMakeFiles/source.elf.dir/Core/Src/stm32f4xx_it.c.obj
                0x08000648                UsageFault_Handler
 .text.SVC_Handler
                0x0800064a        0x2 CMakeFiles/source.elf.dir/Core/Src/stm32f4xx_it.c.obj
                0x0800064a                SVC_Handler
 .text.DebugMon_Handler
                0x0800064c        0x2 CMakeFiles/source.elf.dir/Core/Src/stm32f4xx_it.c.obj
                0x0800064c                DebugMon_Handler
 .text.PendSV_Handler
                0x0800064e        0x2 CMakeFiles/source.elf.dir/Core/Src/stm32f4xx_it.c.obj
                0x0800064e                PendSV_Handler
 .text.SysTick_Handler
                0x08000650        0x8 CMakeFiles/source.elf.dir/Core/Src/stm32f4xx_it.c.obj
                0x08000650                SysTick_Handler
 .text.SystemInit
                0x08000658        0x2 CMakeFiles/source.elf.dir/Core/Src/system_stm32f4xx.c.obj
                0x08000658                SystemInit
 *fill*         0x0800065a        0x2 
 .text.HAL_TIM_PWM_MspInit
                0x0800065c       0x30 CMakeFiles/source.elf.dir/Core/Src/tim.c.obj
                0x0800065c                HAL_TIM_PWM_MspInit
 .text.HAL_TIM_MspPostInit
                0x0800068c       0x5c CMakeFiles/source.elf.dir/Core/Src/tim.c.obj
                0x0800068c                HAL_TIM_MspPostInit
 .text.MX_TIM1_Init
                0x080006e8      0x108 CMakeFiles/source.elf.dir/Core/Src/tim.c.obj
                0x080006e8                MX_TIM1_Init
 .text.Reset_Handler
                0x080007f0       0x50 CMakeFiles/source.elf.dir/Core/Startup/startup_stm32f411ceux.s.obj
                0x080007f0                Reset_Handler
 .text.Default_Handler
                0x08000840        0x2 CMakeFiles/source.elf.dir/Core/Startup/startup_stm32f411ceux.s.obj
                0x08000840                RTC_Alarm_IRQHandler
                0x08000840                EXTI2_IRQHandler
                0x08000840                SPI4_IRQHandler
                0x08000840                TIM1_CC_IRQHandler
                0x08000840                DMA2_Stream5_IRQHandler
                0x08000840                DMA1_Stream5_IRQHandler
                0x08000840                PVD_IRQHandler
                0x08000840                SDIO_IRQHandler
                0x08000840                TAMP_STAMP_IRQHandler
                0x08000840                EXTI3_IRQHandler
                0x08000840                TIM1_UP_TIM10_IRQHandler
                0x08000840                I2C3_ER_IRQHandler
                0x08000840                EXTI0_IRQHandler
                0x08000840                I2C2_EV_IRQHandler
                0x08000840                DMA1_Stream2_IRQHandler
                0x08000840                FPU_IRQHandler
                0x08000840                DMA2_Stream2_IRQHandler
                0x08000840                SPI1_IRQHandler
                0x08000840                TIM1_BRK_TIM9_IRQHandler
                0x08000840                DMA2_Stream3_IRQHandler
                0x08000840                USART6_IRQHandler
                0x08000840                DMA2_Stream0_IRQHandler
                0x08000840                TIM4_IRQHandler
                0x08000840                I2C1_EV_IRQHandler
                0x08000840                DMA1_Stream6_IRQHandler
                0x08000840                DMA1_Stream1_IRQHandler
                0x08000840                TIM3_IRQHandler
                0x08000840                RCC_IRQHandler
                0x08000840                Default_Handler
                0x08000840                EXTI15_10_IRQHandler
                0x08000840                ADC_IRQHandler
                0x08000840                DMA1_Stream7_IRQHandler
                0x08000840                SPI5_IRQHandler
                0x08000840                TIM5_IRQHandler
                0x08000840                DMA2_Stream7_IRQHandler
                0x08000840                I2C3_EV_IRQHandler
                0x08000840                EXTI9_5_IRQHandler
                0x08000840                RTC_WKUP_IRQHandler
                0x08000840                SPI2_IRQHandler
                0x08000840                DMA1_Stream0_IRQHandler
                0x08000840                EXTI4_IRQHandler
                0x08000840                WWDG_IRQHandler
                0x08000840                TIM2_IRQHandler
                0x08000840                OTG_FS_WKUP_IRQHandler
                0x08000840                TIM1_TRG_COM_TIM11_IRQHandler
                0x08000840                EXTI1_IRQHandler
                0x08000840                USART2_IRQHandler
                0x08000840                I2C2_ER_IRQHandler
                0x08000840                DMA2_Stream1_IRQHandler
                0x08000840                FLASH_IRQHandler
                0x08000840                DMA2_Stream4_IRQHandler
                0x08000840                USART1_IRQHandler
                0x08000840                OTG_FS_IRQHandler
                0x08000840                SPI3_IRQHandler
                0x08000840                DMA1_Stream4_IRQHandler
                0x08000840                I2C1_ER_IRQHandler
                0x08000840                DMA2_Stream6_IRQHandler
                0x08000840                DMA1_Stream3_IRQHandler
 *fill*         0x08000842        0x2 
 .text.HAL_InitTick
                0x08000844       0x4c CMakeFiles/source.elf.dir/Drivers/STM32F4xx_HAL_Driver/Src/stm32f4xx_hal.c.obj
                0x08000844                HAL_InitTick
 .text.HAL_Init
                0x08000890       0x34 CMakeFiles/source.elf.dir/Drivers/STM32F4xx_HAL_Driver/Src/stm32f4xx_hal.c.obj
                0x08000890                HAL_Init
 .text.HAL_IncTick
                0x080008c4       0x18 CMakeFiles/source.elf.dir/Drivers/STM32F4xx_HAL_Driver/Src/stm32f4xx_hal.c.obj
                0x080008c4                HAL_IncTick
 .text.HAL_GetTick
                0x080008dc        0xc CMakeFiles/source.elf.dir/Drivers/STM32F4xx_HAL_Driver/Src/stm32f4xx_hal.c.obj
                0x080008dc                HAL_GetTick
 .text.HAL_NVIC_SetPriorityGrouping
                0x080008e8       0x24 CMakeFiles/source.elf.dir/Drivers/STM32F4xx_HAL_Driver/Src/stm32f4xx_hal_cortex.c.obj
                0x080008e8                HAL_NVIC_SetPriorityGrouping
 .text.HAL_NVIC_SetPriority
                0x0800090c       0x70 CMakeFiles/source.elf.dir/Drivers/STM32F4xx_HAL_Driver/Src/stm32f4xx_hal_cortex.c.obj
                0x0800090c                HAL_NVIC_SetPriority
 .text.HAL_SYSTICK_Config
                0x0800097c       0x28 CMakeFiles/source.elf.dir/Drivers/STM32F4xx_HAL_Driver/Src/stm32f4xx_hal_cortex.c.obj
                0x0800097c                HAL_SYSTICK_Config
 .text.HAL_GPIO_Init
                0x080009a4      0x1c0 CMakeFiles/source.elf.dir/Drivers/STM32F4xx_HAL_Driver/Src/stm32f4xx_hal_gpio.c.obj
                0x080009a4                HAL_GPIO_Init
 .text.HAL_RCC_OscConfig
                0x08000b64      0x3f8 CMakeFiles/source.elf.dir/Drivers/STM32F4xx_HAL_Driver/Src/stm32f4xx_hal_rcc.c.obj
                0x08000b64                HAL_RCC_OscConfig
 .text.HAL_RCC_GetSysClockFreq
                0x08000f5c       0xa4 CMakeFiles/source.elf.dir/Drivers/STM32F4xx_HAL_Driver/Src/stm32f4xx_hal_rcc.c.obj
                0x08000f5c                HAL_RCC_GetSysClockFreq
 .text.HAL_RCC_ClockConfig
                0x08001000      0x160 CMakeFiles/source.elf.dir/Drivers/STM32F4xx_HAL_Driver/Src/stm32f4xx_hal_rcc.c.obj
                0x08001000                HAL_RCC_ClockConfig
 .text.TIM_OC1_SetConfig
                0x08001160       0x5c CMakeFiles/source.elf.dir/Drivers/STM32F4xx_HAL_Driver/Src/stm32f4xx_hal_tim.c.obj
 .text.TIM_OC3_SetConfig
                0x080011bc       0x64 CMakeFiles/source.elf.dir/Drivers/STM32F4xx_HAL_Driver/Src/stm32f4xx_hal_tim.c.obj
 .text.TIM_OC4_SetConfig
                0x08001220       0x48 CMakeFiles/source.elf.dir/Drivers/STM32F4xx_HAL_Driver/Src/stm32f4xx_hal_tim.c.obj
 .text.HAL_TIM_OC_MspInit
                0x08001268        0x2 CMakeFiles/source.elf.dir/Drivers/STM32F4xx_HAL_Driver/Src/stm32f4xx_hal_tim.c.obj
                0x08001268                HAL_TIM_OC_MspInit
 *fill*         0x0800126a        0x2 
 .text.TIM_Base_SetConfig
                0x0800126c       0x9c CMakeFiles/source.elf.dir/Drivers/STM32F4xx_HAL_Driver/Src/stm32f4xx_hal_tim.c.obj
                0x0800126c                TIM_Base_SetConfig
 .text.HAL_TIM_OC_Init
                0x08001308       0x58 CMakeFiles/source.elf.dir/Drivers/STM32F4xx_HAL_Driver/Src/stm32f4xx_hal_tim.c.obj
                0x08001308                HAL_TIM_OC_Init
 .text.HAL_TIM_PWM_Init
                0x08001360       0x58 CMakeFiles/source.elf.dir/Drivers/STM32F4xx_HAL_Driver/Src/stm32f4xx_hal_tim.c.obj
                0x08001360                HAL_TIM_PWM_Init
 .text.TIM_OC2_SetConfig
                0x080013b8       0x64 CMakeFiles/source.elf.dir/Drivers/STM32F4xx_HAL_Driver/Src/stm32f4xx_hal_tim.c.obj
                0x080013b8                TIM_OC2_SetConfig
 .text.HAL_TIM_OC_ConfigChannel
                0x0800141c       0x5e CMakeFiles/source.elf.dir/Drivers/STM32F4xx_HAL_Driver/Src/stm32f4xx_hal_tim.c.obj
                0x0800141c                HAL_TIM_OC_ConfigChannel
 .text.HAL_TIM_PWM_ConfigChannel
                0x0800147a       0xdc CMakeFiles/source.elf.dir/Drivers/STM32F4xx_HAL_Driver/Src/stm32f4xx_hal_tim.c.obj
                0x0800147a                HAL_TIM_PWM_ConfigChannel
 *fill*         0x08001556        0x2 
 .text.HAL_TIMEx_MasterConfigSynchronization
                0x08001558       0x7c CMakeFiles/source.elf.dir/Drivers/STM32F4xx_HAL_Driver/Src/stm32f4xx_hal_tim_ex.c.obj
                0x08001558                HAL_TIMEx_MasterConfigSynchronization
 .text.HAL_TIMEx_ConfigBreakDeadTime
                0x080015d4       0x52 CMakeFiles/source.elf.dir/Drivers/STM32F4xx_HAL_Driver/Src/stm32f4xx_hal_tim_ex.c.obj
                0x080015d4                HAL_TIMEx_ConfigBreakDeadTime
 *fill*         0x08001626        0x2 
 .text.__libc_init_array
                0x08001628       0x48 c:/gcc-arm-none-eabi-10-2020-q4-major/bin/../lib/gcc/arm-none-eabi/10.2.1/../../../../arm-none-eabi/lib/thumb/v7e-m/nofp\libg.a(lib_a-init.o)
                0x08001628                __libc_init_array
 .text.memset   0x08001670       0xa4 c:/gcc-arm-none-eabi-10-2020-q4-major/bin/../lib/gcc/arm-none-eabi/10.2.1/../../../../arm-none-eabi/lib/thumb/v7e-m/nofp\libg.a(lib_a-memset.o)
                0x08001670                memset
 .text.startup.register_fini
                0x08001714       0x14 c:/gcc-arm-none-eabi-10-2020-q4-major/bin/../lib/gcc/arm-none-eabi/10.2.1/../../../../arm-none-eabi/lib/thumb/v7e-m/nofp\libg.a(lib_a-__call_atexit.o)
 .text.atexit   0x08001728        0xc c:/gcc-arm-none-eabi-10-2020-q4-major/bin/../lib/gcc/arm-none-eabi/10.2.1/../../../../arm-none-eabi/lib/thumb/v7e-m/nofp\libg.a(lib_a-atexit.o)
                0x08001728                atexit
 .text.__libc_fini_array
                0x08001734       0x2c c:/gcc-arm-none-eabi-10-2020-q4-major/bin/../lib/gcc/arm-none-eabi/10.2.1/../../../../arm-none-eabi/lib/thumb/v7e-m/nofp\libg.a(lib_a-fini.o)
                0x08001734                __libc_fini_array
 .text.__retarget_lock_acquire_recursive
                0x08001760        0x4 c:/gcc-arm-none-eabi-10-2020-q4-major/bin/../lib/gcc/arm-none-eabi/10.2.1/../../../../arm-none-eabi/lib/thumb/v7e-m/nofp\libg.a(lib_a-lock.o)
                0x08001760                __retarget_lock_acquire_recursive
 .text.__retarget_lock_release_recursive
                0x08001764        0x4 c:/gcc-arm-none-eabi-10-2020-q4-major/bin/../lib/gcc/arm-none-eabi/10.2.1/../../../../arm-none-eabi/lib/thumb/v7e-m/nofp\libg.a(lib_a-lock.o)
                0x08001764                __retarget_lock_release_recursive
 .text.__register_exitproc
                0x08001768       0x8c c:/gcc-arm-none-eabi-10-2020-q4-major/bin/../lib/gcc/arm-none-eabi/10.2.1/../../../../arm-none-eabi/lib/thumb/v7e-m/nofp\libg.a(lib_a-__atexit.o)
                0x08001768                __register_exitproc
 *(.glue_7)
 .glue_7        0x080017f4        0x0 linker stubs
 *(.glue_7t)
 .glue_7t       0x080017f4        0x0 linker stubs
 *(.eh_frame)
 .eh_frame      0x080017f4        0x0 c:/gcc-arm-none-eabi-10-2020-q4-major/bin/../lib/gcc/arm-none-eabi/10.2.1/thumb/v7e-m/nofp/crtbegin.o
 *(.init)
 .init          0x080017f4        0x4 c:/gcc-arm-none-eabi-10-2020-q4-major/bin/../lib/gcc/arm-none-eabi/10.2.1/thumb/v7e-m/nofp/crti.o
                0x080017f4                _init
 .init          0x080017f8        0x8 c:/gcc-arm-none-eabi-10-2020-q4-major/bin/../lib/gcc/arm-none-eabi/10.2.1/thumb/v7e-m/nofp/crtn.o
 *(.fini)
 .fini          0x08001800        0x4 c:/gcc-arm-none-eabi-10-2020-q4-major/bin/../lib/gcc/arm-none-eabi/10.2.1/thumb/v7e-m/nofp/crti.o
                0x08001800                _fini
 .fini          0x08001804        0x8 c:/gcc-arm-none-eabi-10-2020-q4-major/bin/../lib/gcc/arm-none-eabi/10.2.1/thumb/v7e-m/nofp/crtn.o
                0x0800180c                . = ALIGN (0x4)
                0x0800180c                _etext = .

.vfp11_veneer   0x0800180c        0x0
 .vfp11_veneer  0x0800180c        0x0 linker stubs

.v4_bx          0x0800180c        0x0
 .v4_bx         0x0800180c        0x0 linker stubs

.iplt           0x0800180c        0x0
 .iplt          0x0800180c        0x0 c:/gcc-arm-none-eabi-10-2020-q4-major/bin/../lib/gcc/arm-none-eabi/10.2.1/thumb/v7e-m/nofp/crtbegin.o

.rodata         0x0800180c       0x14
                0x0800180c                . = ALIGN (0x4)
 *(.rodata)
 *(.rodata*)
 .rodata.AHBPrescTable
                0x0800180c       0x10 CMakeFiles/source.elf.dir/Core/Src/system_stm32f4xx.c.obj
                0x0800180c                AHBPrescTable
 .rodata._global_impure_ptr
                0x0800181c        0x4 c:/gcc-arm-none-eabi-10-2020-q4-major/bin/../lib/gcc/arm-none-eabi/10.2.1/../../../../arm-none-eabi/lib/thumb/v7e-m/nofp\libg.a(lib_a-impure.o)
                0x0800181c                _global_impure_ptr
                0x08001820                . = ALIGN (0x4)

.ARM.extab      0x08001820        0x0
                0x08001820                . = ALIGN (0x4)
 *(.ARM.extab* .gnu.linkonce.armextab.*)
                0x08001820                . = ALIGN (0x4)

.ARM            0x08001820        0x8
                0x08001820                . = ALIGN (0x4)
                0x08001820                __exidx_start = .
 *(.ARM.exidx*)
 .ARM.exidx     0x08001820        0x8 c:/gcc-arm-none-eabi-10-2020-q4-major/bin/../lib/gcc/arm-none-eabi/10.2.1/thumb/v7e-m/nofp\libgcc.a(_udivmoddi4.o)
                0x08001828                __exidx_end = .
                0x08001828                . = ALIGN (0x4)

.rel.dyn        0x08001828        0x0
 .rel.iplt      0x08001828        0x0 c:/gcc-arm-none-eabi-10-2020-q4-major/bin/../lib/gcc/arm-none-eabi/10.2.1/thumb/v7e-m/nofp/crtbegin.o

.preinit_array  0x08001828        0x0
                0x08001828                . = ALIGN (0x4)
                0x08001828                PROVIDE (__preinit_array_start = .)
 *(.preinit_array*)
                0x08001828                PROVIDE (__preinit_array_end = .)
                0x08001828                . = ALIGN (0x4)

.init_array     0x08001828        0x8
                0x08001828                . = ALIGN (0x4)
                0x08001828                PROVIDE (__init_array_start = .)
 *(SORT_BY_NAME(.init_array.*))
 .init_array.00000
                0x08001828        0x4 c:/gcc-arm-none-eabi-10-2020-q4-major/bin/../lib/gcc/arm-none-eabi/10.2.1/../../../../arm-none-eabi/lib/thumb/v7e-m/nofp\libg.a(lib_a-__call_atexit.o)
 *(.init_array*)
 .init_array    0x0800182c        0x4 c:/gcc-arm-none-eabi-10-2020-q4-major/bin/../lib/gcc/arm-none-eabi/10.2.1/thumb/v7e-m/nofp/crtbegin.o
                0x08001830                PROVIDE (__init_array_end = .)
                0x08001830                . = ALIGN (0x4)

.fini_array     0x08001830        0x4
                0x08001830                . = ALIGN (0x4)
                0x08001830                PROVIDE (__fini_array_start = .)
 *(SORT_BY_NAME(.fini_array.*))
 *(.fini_array*)
 .fini_array    0x08001830        0x4 c:/gcc-arm-none-eabi-10-2020-q4-major/bin/../lib/gcc/arm-none-eabi/10.2.1/thumb/v7e-m/nofp/crtbegin.o
                0x08001834                PROVIDE (__fini_array_end = .)
                0x08001834                . = ALIGN (0x4)
                0x08001834                _sidata = LOADADDR (.data)

.data           0x20000000      0x43c load address 0x08001834
                0x20000000                . = ALIGN (0x4)
                0x20000000                _sdata = .
 *(.data)
 *(.data*)
 .data.SystemCoreClock
                0x20000000        0x4 CMakeFiles/source.elf.dir/Core/Src/system_stm32f4xx.c.obj
                0x20000000                SystemCoreClock
 .data.uwTickFreq
                0x20000004        0x1 CMakeFiles/source.elf.dir/Drivers/STM32F4xx_HAL_Driver/Src/stm32f4xx_hal.c.obj
                0x20000004                uwTickFreq
 *fill*         0x20000005        0x3 
 .data.uwTickPrio
                0x20000008        0x4 CMakeFiles/source.elf.dir/Drivers/STM32F4xx_HAL_Driver/Src/stm32f4xx_hal.c.obj
                0x20000008                uwTickPrio
 *fill*         0x2000000c        0x4 
 .data.impure_data
                0x20000010      0x428 c:/gcc-arm-none-eabi-10-2020-q4-major/bin/../lib/gcc/arm-none-eabi/10.2.1/../../../../arm-none-eabi/lib/thumb/v7e-m/nofp\libg.a(lib_a-impure.o)
 .data.__atexit_recursive_mutex
                0x20000438        0x4 c:/gcc-arm-none-eabi-10-2020-q4-major/bin/../lib/gcc/arm-none-eabi/10.2.1/../../../../arm-none-eabi/lib/thumb/v7e-m/nofp\libg.a(lib_a-__call_atexit.o)
                0x20000438                __atexit_recursive_mutex
 *(.RamFunc)
 *(.RamFunc*)
                0x2000043c                . = ALIGN (0x4)
                0x2000043c                _edata = .

.igot.plt       0x2000043c        0x0 load address 0x08001c70
 .igot.plt      0x2000043c        0x0 c:/gcc-arm-none-eabi-10-2020-q4-major/bin/../lib/gcc/arm-none-eabi/10.2.1/thumb/v7e-m/nofp/crtbegin.o
                0x2000043c                . = ALIGN (0x4)

.bss            0x2000043c       0x6c load address 0x08001c70
                0x2000043c                _sbss = .
                0x2000043c                __bss_start__ = _sbss
 *(.bss)
 .bss           0x2000043c       0x1c c:/gcc-arm-none-eabi-10-2020-q4-major/bin/../lib/gcc/arm-none-eabi/10.2.1/thumb/v7e-m/nofp/crtbegin.o
 *(.bss*)
 .bss.htim1     0x20000458       0x48 CMakeFiles/source.elf.dir/Core/Src/tim.c.obj
                0x20000458                htim1
 .bss.uwTick    0x200004a0        0x4 CMakeFiles/source.elf.dir/Drivers/STM32F4xx_HAL_Driver/Src/stm32f4xx_hal.c.obj
                0x200004a0                uwTick
 .bss.__lock___atexit_recursive_mutex
                0x200004a4        0x1 c:/gcc-arm-none-eabi-10-2020-q4-major/bin/../lib/gcc/arm-none-eabi/10.2.1/../../../../arm-none-eabi/lib/thumb/v7e-m/nofp\libg.a(lib_a-lock.o)
                0x200004a4                __lock___atexit_recursive_mutex
 *(COMMON)
                0x200004a8                . = ALIGN (0x4)
 *fill*         0x200004a5        0x3 
                0x200004a8                _ebss = .
                0x200004a8                __bss_end__ = _ebss

._user_heap_stack
                0x200004a8      0x600 load address 0x08001c70
                0x200004a8                . = ALIGN (0x8)
                [!provide]                PROVIDE (end = .)
                [!provide]                PROVIDE (_end = .)
                0x200006a8                . = (. + _Min_Heap_Size)
 *fill*         0x200004a8      0x200 
                0x20000aa8                . = (. + _Min_Stack_Size)
 *fill*         0x200006a8      0x400 
                0x20000aa8                . = ALIGN (0x8)

/DISCARD/
 libc.a(*)
 libm.a(*)
 libgcc.a(*)

.ARM.attributes
                0x00000000       0x2a
 *(.ARM.attributes)
 .ARM.attributes
                0x00000000       0x1e c:/gcc-arm-none-eabi-10-2020-q4-major/bin/../lib/gcc/arm-none-eabi/10.2.1/thumb/v7e-m/nofp/crti.o
 .ARM.attributes
                0x0000001e       0x2e c:/gcc-arm-none-eabi-10-2020-q4-major/bin/../lib/gcc/arm-none-eabi/10.2.1/thumb/v7e-m/nofp/crtbegin.o
 .ARM.attributes
                0x0000004c       0x2e CMakeFiles/source.elf.dir/Core/Src/gpio.c.obj
 .ARM.attributes
                0x0000007a       0x2e CMakeFiles/source.elf.dir/Core/Src/main.c.obj
 .ARM.attributes
                0x000000a8       0x2e CMakeFiles/source.elf.dir/Core/Src/stm32f4xx_hal_msp.c.obj
 .ARM.attributes
                0x000000d6       0x2e CMakeFiles/source.elf.dir/Core/Src/stm32f4xx_it.c.obj
 .ARM.attributes
                0x00000104       0x2e CMakeFiles/source.elf.dir/Core/Src/system_stm32f4xx.c.obj
 .ARM.attributes
                0x00000132       0x2e CMakeFiles/source.elf.dir/Core/Src/tim.c.obj
 .ARM.attributes
                0x00000160       0x21 CMakeFiles/source.elf.dir/Core/Startup/startup_stm32f411ceux.s.obj
 .ARM.attributes
                0x00000181       0x2e CMakeFiles/source.elf.dir/Drivers/STM32F4xx_HAL_Driver/Src/stm32f4xx_hal.c.obj
 .ARM.attributes
                0x000001af       0x2e CMakeFiles/source.elf.dir/Drivers/STM32F4xx_HAL_Driver/Src/stm32f4xx_hal_cortex.c.obj
 .ARM.attributes
                0x000001dd       0x2e CMakeFiles/source.elf.dir/Drivers/STM32F4xx_HAL_Driver/Src/stm32f4xx_hal_gpio.c.obj
 .ARM.attributes
                0x0000020b       0x2e CMakeFiles/source.elf.dir/Drivers/STM32F4xx_HAL_Driver/Src/stm32f4xx_hal_rcc.c.obj
 .ARM.attributes
                0x00000239       0x2e CMakeFiles/source.elf.dir/Drivers/STM32F4xx_HAL_Driver/Src/stm32f4xx_hal_tim.c.obj
 .ARM.attributes
                0x00000267       0x2e CMakeFiles/source.elf.dir/Drivers/STM32F4xx_HAL_Driver/Src/stm32f4xx_hal_tim_ex.c.obj
 .ARM.attributes
                0x00000295       0x1e c:/gcc-arm-none-eabi-10-2020-q4-major/bin/../lib/gcc/arm-none-eabi/10.2.1/thumb/v7e-m/nofp\libgcc.a(_aeabi_uldivmod.o)
 .ARM.attributes
                0x000002b3       0x2e c:/gcc-arm-none-eabi-10-2020-q4-major/bin/../lib/gcc/arm-none-eabi/10.2.1/thumb/v7e-m/nofp\libgcc.a(_udivmoddi4.o)
 .ARM.attributes
                0x000002e1       0x1e c:/gcc-arm-none-eabi-10-2020-q4-major/bin/../lib/gcc/arm-none-eabi/10.2.1/thumb/v7e-m/nofp\libgcc.a(_dvmd_tls.o)
 .ARM.attributes
                0x000002ff       0x2e c:/gcc-arm-none-eabi-10-2020-q4-major/bin/../lib/gcc/arm-none-eabi/10.2.1/../../../../arm-none-eabi/lib/thumb/v7e-m/nofp\libg.a(lib_a-impure.o)
 .ARM.attributes
                0x0000032d       0x2e c:/gcc-arm-none-eabi-10-2020-q4-major/bin/../lib/gcc/arm-none-eabi/10.2.1/../../../../arm-none-eabi/lib/thumb/v7e-m/nofp\libg.a(lib_a-init.o)
 .ARM.attributes
                0x0000035b       0x2e c:/gcc-arm-none-eabi-10-2020-q4-major/bin/../lib/gcc/arm-none-eabi/10.2.1/../../../../arm-none-eabi/lib/thumb/v7e-m/nofp\libg.a(lib_a-memset.o)
 .ARM.attributes
                0x00000389       0x2e c:/gcc-arm-none-eabi-10-2020-q4-major/bin/../lib/gcc/arm-none-eabi/10.2.1/../../../../arm-none-eabi/lib/thumb/v7e-m/nofp\libg.a(lib_a-__call_atexit.o)
 .ARM.attributes
                0x000003b7       0x2e c:/gcc-arm-none-eabi-10-2020-q4-major/bin/../lib/gcc/arm-none-eabi/10.2.1/../../../../arm-none-eabi/lib/thumb/v7e-m/nofp\libg.a(lib_a-atexit.o)
 .ARM.attributes
                0x000003e5       0x2e c:/gcc-arm-none-eabi-10-2020-q4-major/bin/../lib/gcc/arm-none-eabi/10.2.1/../../../../arm-none-eabi/lib/thumb/v7e-m/nofp\libg.a(lib_a-fini.o)
 .ARM.attributes
                0x00000413       0x2e c:/gcc-arm-none-eabi-10-2020-q4-major/bin/../lib/gcc/arm-none-eabi/10.2.1/../../../../arm-none-eabi/lib/thumb/v7e-m/nofp\libg.a(lib_a-lock.o)
 .ARM.attributes
                0x00000441       0x2e c:/gcc-arm-none-eabi-10-2020-q4-major/bin/../lib/gcc/arm-none-eabi/10.2.1/../../../../arm-none-eabi/lib/thumb/v7e-m/nofp\libg.a(lib_a-__atexit.o)
 .ARM.attributes
                0x0000046f       0x1e c:/gcc-arm-none-eabi-10-2020-q4-major/bin/../lib/gcc/arm-none-eabi/10.2.1/thumb/v7e-m/nofp/crtn.o
OUTPUT(source.elf elf32-littlearm)
LOAD linker stubs
LOAD c:/gcc-arm-none-eabi-10-2020-q4-major/bin/../lib/gcc/arm-none-eabi/10.2.1/../../../../arm-none-eabi/lib/thumb/v7e-m/nofp\libc.a
LOAD c:/gcc-arm-none-eabi-10-2020-q4-major/bin/../lib/gcc/arm-none-eabi/10.2.1/../../../../arm-none-eabi/lib/thumb/v7e-m/nofp\libm.a
LOAD c:/gcc-arm-none-eabi-10-2020-q4-major/bin/../lib/gcc/arm-none-eabi/10.2.1/thumb/v7e-m/nofp\libgcc.a

.debug_info     0x00000000     0xa8dc
 .debug_info    0x00000000      0x30a CMakeFiles/source.elf.dir/Core/Src/gpio.c.obj
 .debug_info    0x0000030a      0xb78 CMakeFiles/source.elf.dir/Core/Src/main.c.obj
 .debug_info    0x00000e82      0x2d0 CMakeFiles/source.elf.dir/Core/Src/stm32f4xx_hal_msp.c.obj
 .debug_info    0x00001152      0x12f CMakeFiles/source.elf.dir/Core/Src/stm32f4xx_it.c.obj
 .debug_info    0x00001281      0x3a9 CMakeFiles/source.elf.dir/Core/Src/system_stm32f4xx.c.obj
 .debug_info    0x0000162a      0xddd CMakeFiles/source.elf.dir/Core/Src/tim.c.obj
 .debug_info    0x00002407       0x22 CMakeFiles/source.elf.dir/Core/Startup/startup_stm32f411ceux.s.obj
 .debug_info    0x00002429      0x982 CMakeFiles/source.elf.dir/Drivers/STM32F4xx_HAL_Driver/Src/stm32f4xx_hal.c.obj
 .debug_info    0x00002dab     0x1008 CMakeFiles/source.elf.dir/Drivers/STM32F4xx_HAL_Driver/Src/stm32f4xx_hal_cortex.c.obj
 .debug_info    0x00003db3      0x7d4 CMakeFiles/source.elf.dir/Drivers/STM32F4xx_HAL_Driver/Src/stm32f4xx_hal_gpio.c.obj
 .debug_info    0x00004587      0xb2b CMakeFiles/source.elf.dir/Drivers/STM32F4xx_HAL_Driver/Src/stm32f4xx_hal_rcc.c.obj
 .debug_info    0x000050b2     0x3d54 CMakeFiles/source.elf.dir/Drivers/STM32F4xx_HAL_Driver/Src/stm32f4xx_hal_tim.c.obj
 .debug_info    0x00008e06     0x1ad6 CMakeFiles/source.elf.dir/Drivers/STM32F4xx_HAL_Driver/Src/stm32f4xx_hal_tim_ex.c.obj

.debug_abbrev   0x00000000     0x1612
 .debug_abbrev  0x00000000       0xd1 CMakeFiles/source.elf.dir/Core/Src/gpio.c.obj
 .debug_abbrev  0x000000d1      0x20e CMakeFiles/source.elf.dir/Core/Src/main.c.obj
 .debug_abbrev  0x000002df       0xd1 CMakeFiles/source.elf.dir/Core/Src/stm32f4xx_hal_msp.c.obj
 .debug_abbrev  0x000003b0       0x7e CMakeFiles/source.elf.dir/Core/Src/stm32f4xx_it.c.obj
 .debug_abbrev  0x0000042e      0x119 CMakeFiles/source.elf.dir/Core/Src/system_stm32f4xx.c.obj
 .debug_abbrev  0x00000547      0x211 CMakeFiles/source.elf.dir/Core/Src/tim.c.obj
 .debug_abbrev  0x00000758       0x12 CMakeFiles/source.elf.dir/Core/Startup/startup_stm32f411ceux.s.obj
 .debug_abbrev  0x0000076a      0x237 CMakeFiles/source.elf.dir/Drivers/STM32F4xx_HAL_Driver/Src/stm32f4xx_hal.c.obj
 .debug_abbrev  0x000009a1      0x36a CMakeFiles/source.elf.dir/Drivers/STM32F4xx_HAL_Driver/Src/stm32f4xx_hal_cortex.c.obj
 .debug_abbrev  0x00000d0b      0x1ef CMakeFiles/source.elf.dir/Drivers/STM32F4xx_HAL_Driver/Src/stm32f4xx_hal_gpio.c.obj
 .debug_abbrev  0x00000efa      0x28a CMakeFiles/source.elf.dir/Drivers/STM32F4xx_HAL_Driver/Src/stm32f4xx_hal_rcc.c.obj
 .debug_abbrev  0x00001184      0x23c CMakeFiles/source.elf.dir/Drivers/STM32F4xx_HAL_Driver/Src/stm32f4xx_hal_tim.c.obj
 .debug_abbrev  0x000013c0      0x252 CMakeFiles/source.elf.dir/Drivers/STM32F4xx_HAL_Driver/Src/stm32f4xx_hal_tim_ex.c.obj

.debug_aranges  0x00000000      0x908
 .debug_aranges
                0x00000000       0x20 CMakeFiles/source.elf.dir/Core/Src/gpio.c.obj
 .debug_aranges
                0x00000020       0x30 CMakeFiles/source.elf.dir/Core/Src/main.c.obj
 .debug_aranges
                0x00000050       0x20 CMakeFiles/source.elf.dir/Core/Src/stm32f4xx_hal_msp.c.obj
 .debug_aranges
                0x00000070       0x60 CMakeFiles/source.elf.dir/Core/Src/stm32f4xx_it.c.obj
 .debug_aranges
                0x000000d0       0x28 CMakeFiles/source.elf.dir/Core/Src/system_stm32f4xx.c.obj
 .debug_aranges
                0x000000f8       0x38 CMakeFiles/source.elf.dir/Core/Src/tim.c.obj
 .debug_aranges
                0x00000130       0x28 CMakeFiles/source.elf.dir/Core/Startup/startup_stm32f411ceux.s.obj
 .debug_aranges
                0x00000158       0xf0 CMakeFiles/source.elf.dir/Drivers/STM32F4xx_HAL_Driver/Src/stm32f4xx_hal.c.obj
 .debug_aranges
                0x00000248       0xa8 CMakeFiles/source.elf.dir/Drivers/STM32F4xx_HAL_Driver/Src/stm32f4xx_hal_cortex.c.obj
 .debug_aranges
                0x000002f0       0x58 CMakeFiles/source.elf.dir/Drivers/STM32F4xx_HAL_Driver/Src/stm32f4xx_hal_gpio.c.obj
 .debug_aranges
                0x00000348       0x88 CMakeFiles/source.elf.dir/Drivers/STM32F4xx_HAL_Driver/Src/stm32f4xx_hal_rcc.c.obj
 .debug_aranges
                0x000003d0      0x3d0 CMakeFiles/source.elf.dir/Drivers/STM32F4xx_HAL_Driver/Src/stm32f4xx_hal_tim.c.obj
 .debug_aranges
                0x000007a0      0x168 CMakeFiles/source.elf.dir/Drivers/STM32F4xx_HAL_Driver/Src/stm32f4xx_hal_tim_ex.c.obj

.debug_ranges   0x00000000      0x8b8
 .debug_ranges  0x00000000       0x10 CMakeFiles/source.elf.dir/Core/Src/gpio.c.obj
 .debug_ranges  0x00000010       0x20 CMakeFiles/source.elf.dir/Core/Src/main.c.obj
 .debug_ranges  0x00000030       0x10 CMakeFiles/source.elf.dir/Core/Src/stm32f4xx_hal_msp.c.obj
 .debug_ranges  0x00000040       0x50 CMakeFiles/source.elf.dir/Core/Src/stm32f4xx_it.c.obj
 .debug_ranges  0x00000090       0x18 CMakeFiles/source.elf.dir/Core/Src/system_stm32f4xx.c.obj
 .debug_ranges  0x000000a8       0x28 CMakeFiles/source.elf.dir/Core/Src/tim.c.obj
 .debug_ranges  0x000000d0       0x20 CMakeFiles/source.elf.dir/Core/Startup/startup_stm32f411ceux.s.obj
 .debug_ranges  0x000000f0       0xe0 CMakeFiles/source.elf.dir/Drivers/STM32F4xx_HAL_Driver/Src/stm32f4xx_hal.c.obj
 .debug_ranges  0x000001d0       0xf8 CMakeFiles/source.elf.dir/Drivers/STM32F4xx_HAL_Driver/Src/stm32f4xx_hal_cortex.c.obj
 .debug_ranges  0x000002c8       0x48 CMakeFiles/source.elf.dir/Drivers/STM32F4xx_HAL_Driver/Src/stm32f4xx_hal_gpio.c.obj
 .debug_ranges  0x00000310       0x90 CMakeFiles/source.elf.dir/Drivers/STM32F4xx_HAL_Driver/Src/stm32f4xx_hal_rcc.c.obj
 .debug_ranges  0x000003a0      0x3c0 CMakeFiles/source.elf.dir/Drivers/STM32F4xx_HAL_Driver/Src/stm32f4xx_hal_tim.c.obj
 .debug_ranges  0x00000760      0x158 CMakeFiles/source.elf.dir/Drivers/STM32F4xx_HAL_Driver/Src/stm32f4xx_hal_tim_ex.c.obj

.debug_line     0x00000000     0x974d
 .debug_line    0x00000000      0x187 CMakeFiles/source.elf.dir/Core/Src/gpio.c.obj
 .debug_line    0x00000187      0x41b CMakeFiles/source.elf.dir/Core/Src/main.c.obj
 .debug_line    0x000005a2      0x189 CMakeFiles/source.elf.dir/Core/Src/stm32f4xx_hal_msp.c.obj
 .debug_line    0x0000072b      0x1bf CMakeFiles/source.elf.dir/Core/Src/stm32f4xx_it.c.obj
 .debug_line    0x000008ea      0x251 CMakeFiles/source.elf.dir/Core/Src/system_stm32f4xx.c.obj
 .debug_line    0x00000b3b      0x466 CMakeFiles/source.elf.dir/Core/Src/tim.c.obj
 .debug_line    0x00000fa1       0xa9 CMakeFiles/source.elf.dir/Core/Startup/startup_stm32f411ceux.s.obj
 .debug_line    0x0000104a      0x5db CMakeFiles/source.elf.dir/Drivers/STM32F4xx_HAL_Driver/Src/stm32f4xx_hal.c.obj
 .debug_line    0x00001625      0x7ee CMakeFiles/source.elf.dir/Drivers/STM32F4xx_HAL_Driver/Src/stm32f4xx_hal_cortex.c.obj
 .debug_line    0x00001e13      0x715 CMakeFiles/source.elf.dir/Drivers/STM32F4xx_HAL_Driver/Src/stm32f4xx_hal_gpio.c.obj
 .debug_line    0x00002528      0xb61 CMakeFiles/source.elf.dir/Drivers/STM32F4xx_HAL_Driver/Src/stm32f4xx_hal_rcc.c.obj
 .debug_line    0x00003089     0x4a0c CMakeFiles/source.elf.dir/Drivers/STM32F4xx_HAL_Driver/Src/stm32f4xx_hal_tim.c.obj
 .debug_line    0x00007a95     0x1cb8 CMakeFiles/source.elf.dir/Drivers/STM32F4xx_HAL_Driver/Src/stm32f4xx_hal_tim_ex.c.obj

.debug_str      0x00000000     0x30da
 .debug_str     0x00000000      0x2b3 CMakeFiles/source.elf.dir/Core/Src/gpio.c.obj
                                0x2f5 (size before relaxing)
 .debug_str     0x000002b3      0x6c0 CMakeFiles/source.elf.dir/Core/Src/main.c.obj
                                0x9f6 (size before relaxing)
 .debug_str     0x00000973       0x4d CMakeFiles/source.elf.dir/Core/Src/stm32f4xx_hal_msp.c.obj
                                0x301 (size before relaxing)
 .debug_str     0x000009c0       0xd8 CMakeFiles/source.elf.dir/Core/Src/stm32f4xx_it.c.obj
                                0x263 (size before relaxing)
 .debug_str     0x00000a98       0xa8 CMakeFiles/source.elf.dir/Core/Src/system_stm32f4xx.c.obj
                                0x367 (size before relaxing)
 .debug_str     0x00000b40      0x2e5 CMakeFiles/source.elf.dir/Core/Src/tim.c.obj
                                0xb3d (size before relaxing)
 .debug_str     0x00000e25       0x57 CMakeFiles/source.elf.dir/Core/Startup/startup_stm32f411ceux.s.obj
                                 0x8d (size before relaxing)
 .debug_str     0x00000e7c      0x72d CMakeFiles/source.elf.dir/Drivers/STM32F4xx_HAL_Driver/Src/stm32f4xx_hal.c.obj
                                0xa48 (size before relaxing)
 .debug_str     0x000015a9      0x4d8 CMakeFiles/source.elf.dir/Drivers/STM32F4xx_HAL_Driver/Src/stm32f4xx_hal_cortex.c.obj
                                0xb08 (size before relaxing)
 .debug_str     0x00001a81      0x187 CMakeFiles/source.elf.dir/Drivers/STM32F4xx_HAL_Driver/Src/stm32f4xx_hal_gpio.c.obj
                                0x526 (size before relaxing)
 .debug_str     0x00001c08      0x1c5 CMakeFiles/source.elf.dir/Drivers/STM32F4xx_HAL_Driver/Src/stm32f4xx_hal_rcc.c.obj
                                0x74c (size before relaxing)
 .debug_str     0x00001dcd      0xe7a CMakeFiles/source.elf.dir/Drivers/STM32F4xx_HAL_Driver/Src/stm32f4xx_hal_tim.c.obj
                               0x16ed (size before relaxing)
 .debug_str     0x00002c47      0x493 CMakeFiles/source.elf.dir/Drivers/STM32F4xx_HAL_Driver/Src/stm32f4xx_hal_tim_ex.c.obj
                                0xeee (size before relaxing)

.comment        0x00000000       0x4d
 .comment       0x00000000       0x4d CMakeFiles/source.elf.dir/Core/Src/gpio.c.obj
                                 0x4e (size before relaxing)
 .comment       0x0000004d       0x4e CMakeFiles/source.elf.dir/Core/Src/main.c.obj
 .comment       0x0000004d       0x4e CMakeFiles/source.elf.dir/Core/Src/stm32f4xx_hal_msp.c.obj
 .comment       0x0000004d       0x4e CMakeFiles/source.elf.dir/Core/Src/stm32f4xx_it.c.obj
 .comment       0x0000004d       0x4e CMakeFiles/source.elf.dir/Core/Src/system_stm32f4xx.c.obj
 .comment       0x0000004d       0x4e CMakeFiles/source.elf.dir/Core/Src/tim.c.obj
 .comment       0x0000004d       0x4e CMakeFiles/source.elf.dir/Drivers/STM32F4xx_HAL_Driver/Src/stm32f4xx_hal.c.obj
 .comment       0x0000004d       0x4e CMakeFiles/source.elf.dir/Drivers/STM32F4xx_HAL_Driver/Src/stm32f4xx_hal_cortex.c.obj
 .comment       0x0000004d       0x4e CMakeFiles/source.elf.dir/Drivers/STM32F4xx_HAL_Driver/Src/stm32f4xx_hal_gpio.c.obj
 .comment       0x0000004d       0x4e CMakeFiles/source.elf.dir/Drivers/STM32F4xx_HAL_Driver/Src/stm32f4xx_hal_rcc.c.obj
 .comment       0x0000004d       0x4e CMakeFiles/source.elf.dir/Drivers/STM32F4xx_HAL_Driver/Src/stm32f4xx_hal_tim.c.obj
 .comment       0x0000004d       0x4e CMakeFiles/source.elf.dir/Drivers/STM32F4xx_HAL_Driver/Src/stm32f4xx_hal_tim_ex.c.obj

.debug_frame    0x00000000     0x18e4
 .debug_frame   0x00000000       0x28 CMakeFiles/source.elf.dir/Core/Src/gpio.c.obj
 .debug_frame   0x00000028       0x58 CMakeFiles/source.elf.dir/Core/Src/main.c.obj
 .debug_frame   0x00000080       0x28 CMakeFiles/source.elf.dir/Core/Src/stm32f4xx_hal_msp.c.obj
 .debug_frame   0x000000a8       0xa8 CMakeFiles/source.elf.dir/Core/Src/stm32f4xx_it.c.obj
 .debug_frame   0x00000150       0x30 CMakeFiles/source.elf.dir/Core/Src/system_stm32f4xx.c.obj
 .debug_frame   0x00000180       0x7c CMakeFiles/source.elf.dir/Core/Src/tim.c.obj
 .debug_frame   0x000001fc      0x1ec CMakeFiles/source.elf.dir/Drivers/STM32F4xx_HAL_Driver/Src/stm32f4xx_hal.c.obj
 .debug_frame   0x000003e8      0x148 CMakeFiles/source.elf.dir/Drivers/STM32F4xx_HAL_Driver/Src/stm32f4xx_hal_cortex.c.obj
 .debug_frame   0x00000530       0xd8 CMakeFiles/source.elf.dir/Drivers/STM32F4xx_HAL_Driver/Src/stm32f4xx_hal_gpio.c.obj
 .debug_frame   0x00000608      0x16c CMakeFiles/source.elf.dir/Drivers/STM32F4xx_HAL_Driver/Src/stm32f4xx_hal_rcc.c.obj
 .debug_frame   0x00000774      0xb18 CMakeFiles/source.elf.dir/Drivers/STM32F4xx_HAL_Driver/Src/stm32f4xx_hal_tim.c.obj
 .debug_frame   0x0000128c      0x40c CMakeFiles/source.elf.dir/Drivers/STM32F4xx_HAL_Driver/Src/stm32f4xx_hal_tim_ex.c.obj
 .debug_frame   0x00001698       0x2c c:/gcc-arm-none-eabi-10-2020-q4-major/bin/../lib/gcc/arm-none-eabi/10.2.1/thumb/v7e-m/nofp\libgcc.a(_aeabi_uldivmod.o)
 .debug_frame   0x000016c4       0x34 c:/gcc-arm-none-eabi-10-2020-q4-major/bin/../lib/gcc/arm-none-eabi/10.2.1/thumb/v7e-m/nofp\libgcc.a(_udivmoddi4.o)
 .debug_frame   0x000016f8       0x2c c:/gcc-arm-none-eabi-10-2020-q4-major/bin/../lib/gcc/arm-none-eabi/10.2.1/../../../../arm-none-eabi/lib/thumb/v7e-m/nofp\libg.a(lib_a-init.o)
 .debug_frame   0x00001724       0x2c c:/gcc-arm-none-eabi-10-2020-q4-major/bin/../lib/gcc/arm-none-eabi/10.2.1/../../../../arm-none-eabi/lib/thumb/v7e-m/nofp\libg.a(lib_a-memset.o)
 .debug_frame   0x00001750       0x5c c:/gcc-arm-none-eabi-10-2020-q4-major/bin/../lib/gcc/arm-none-eabi/10.2.1/../../../../arm-none-eabi/lib/thumb/v7e-m/nofp\libg.a(lib_a-__call_atexit.o)
 .debug_frame   0x000017ac       0x20 c:/gcc-arm-none-eabi-10-2020-q4-major/bin/../lib/gcc/arm-none-eabi/10.2.1/../../../../arm-none-eabi/lib/thumb/v7e-m/nofp\libg.a(lib_a-atexit.o)
 .debug_frame   0x000017cc       0x34 c:/gcc-arm-none-eabi-10-2020-q4-major/bin/../lib/gcc/arm-none-eabi/10.2.1/../../../../arm-none-eabi/lib/thumb/v7e-m/nofp\libg.a(lib_a-fini.o)
 .debug_frame   0x00001800       0xb0 c:/gcc-arm-none-eabi-10-2020-q4-major/bin/../lib/gcc/arm-none-eabi/10.2.1/../../../../arm-none-eabi/lib/thumb/v7e-m/nofp\libg.a(lib_a-lock.o)
 .debug_frame   0x000018b0       0x34 c:/gcc-arm-none-eabi-10-2020-q4-major/bin/../lib/gcc/arm-none-eabi/10.2.1/../../../../arm-none-eabi/lib/thumb/v7e-m/nofp\libg.a(lib_a-__atexit.o)

.debug_loc      0x00000000     0x82da
 .debug_loc     0x00000000      0x158 CMakeFiles/source.elf.dir/Core/Src/system_stm32f4xx.c.obj
 .debug_loc     0x00000158       0x42 CMakeFiles/source.elf.dir/Core/Src/tim.c.obj
 .debug_loc     0x0000019a      0x141 CMakeFiles/source.elf.dir/Drivers/STM32F4xx_HAL_Driver/Src/stm32f4xx_hal.c.obj
 .debug_loc     0x000002db      0x744 CMakeFiles/source.elf.dir/Drivers/STM32F4xx_HAL_Driver/Src/stm32f4xx_hal_cortex.c.obj
 .debug_loc     0x00000a1f      0x520 CMakeFiles/source.elf.dir/Drivers/STM32F4xx_HAL_Driver/Src/stm32f4xx_hal_gpio.c.obj
 .debug_loc     0x00000f3f      0x58c CMakeFiles/source.elf.dir/Drivers/STM32F4xx_HAL_Driver/Src/stm32f4xx_hal_rcc.c.obj
 .debug_loc     0x000014cb     0x5138 CMakeFiles/source.elf.dir/Drivers/STM32F4xx_HAL_Driver/Src/stm32f4xx_hal_tim.c.obj
 .debug_loc     0x00006603     0x1cd7 CMakeFiles/source.elf.dir/Drivers/STM32F4xx_HAL_Driver/Src/stm32f4xx_hal_tim_ex.c.obj
